[2026-10-02 13:14:18] CALLBACK: m:main
[2026-10-02 13:14:21] MSG: /stats
[2026-10-02 13:14:21] SEND: 📊 <b>آمار VORIX</b> ━━━━━━━━━━━━━━━━━━━━━━━━━━ 🚨 ک -> True
[2026-10-02 13:14:23] CALLBACK: m:main
[2026-10-02 13:14:30] MSG: /stats
[2026-10-02 13:14:31] SEND: 📊 <b>آمار VORIX</b> ━━━━━━━━━━━━━━━━━━━━━━━━━━ 🚨 ک -> True
[2026-10-02 13:14:33] CALLBACK: m:main
[2026-10-02 13:14:38] CALLBACK: m:hashchain
[2026-10-02 13:14:46] CALLBACK: m:main
[2026-10-02 13:16:10] MSG: /stats
[2026-10-02 13:16:11] SEND: 📊 <b>آمار VORIX</b> ━━━━━━━━━━━━━━━━━━━━━━━━━━ 🚨 ک -> True
[2026-10-02 13:16:11] SEND: 📊 <b>آمار VORIX</b> ━━━━━━━━━━━━━━━━━━━━━━━━━━ 🚨 ک -> True
[2026-10-02 13:16:12] CALLBACK: m:main
[2026-10-02 13:16:17] CALLBACK: m:reports
[2026-10-02 13:16:29] CALLBACK: m:main
[2026-10-02 13:16:33] CALLBACK: m:stats
[2026-10-02 13:17:56] CALLBACK: m:main
[2026-10-02 13:17:59] CALLBACK: m:history
[2026-10-02 15:42:46] CALLBACK: block:ALT-1790943087
[2026-10-02 15:42:52] CALLBACK: block:ALT-1790943087
[2026-10-02 15:51:16] MSG: /start
[2026-10-02 15:51:18] SEND: 🛡️ <b>VORIX SECURITY</b> ━━━━━━━━━━━━━━━━━━━━━━━━━ -> True
[2026-10-02 15:51:18] SEND: 🛡️ <b>VORIX SECURITY</b> ━━━━━━━━━━━━━━━━━━━━━━━━━ -> True
[2026-10-02 15:51:52] CALLBACK: status:ALT-1790943691
[2026-10-02 15:52:34] CALLBACK: back:ALT-1790943691
[2026-10-02 15:52:43] CALLBACK: detail:ALT-1790943691
[2026-10-02 15:53:05] CALLBACK: back:ALT-1790943691
[2026-10-02 15:53:13] CALLBACK: ignore:ALT-1790943691
[2026-10-02 15:53:19] CALLBACK: back:ALT-1790943691
[2026-10-02 15:53:24] CALLBACK: detail:ALT-1790943691
[2026-10-02 15:53:35] CALLBACK: back:ALT-1790943691
[2026-10-02 15:53:43] CALLBACK: block:ALT-1790943691
[2026-10-02 15:53:55] CALLBACK: back:ALT-1790943691
[2026-10-02 15:53:58] CALLBACK: forensics:ALT-1790943691
[2026-10-03 04:02:36] MSG: /start layer_L-Sync
[2026-10-03 04:02:37] SEND: 🛡️ <b>VORIX SECURITY</b> ━━━━━━━━━━━━━━━━━━━━━━━━━ -> True
[2026-10-03 04:02:37] SEND: 🛡️ <b>VORIX SECURITY</b> ━━━━━━━━━━━━━━━━━━━━━━━━━ -> True
[2026-10-03 04:19:25] MSG: /start layer_L-Sync
[2026-10-03 04:50:19] MSG: /start section_output
[2026-10-03 04:50:32] MSG: /start layer_L-Sync
